// Jest Snapshot v1, https://goo.gl/fbAQLP

exports[`PageNotFound page renders as expected 1`] = `
<div>
  <div>
    <div
      className="jumbotron"
    >
      <h1>
        Sorry this page does not exists...
      </h1>
    </div>
  </div>
</div>
`;
