// Jest Snapshot v1, https://goo.gl/fbAQLP

exports[`Protected page renders as expected 1`] = `ShallowWrapper {}`;
