// Jest Snapshot v1, https://goo.gl/fbAQLP

exports[`MainLayout renders as expected 1`] = `ShallowWrapper {}`;
