// Jest Snapshot v1, https://goo.gl/fbAQLP

exports[`RightNav component renders as expected 1`] = `
<div>
  <ul
    className="nav navbar-nav navbar-right"
  >
    <li>
      <a
        href="1"
        onClick={[Function]}
      >
        view 1
      </a>
    </li>
    <li>
      <a
        href="2"
        onClick={[Function]}
      >
        view 2
      </a>
    </li>
  </ul>
</div>
`;
