// Jest Snapshot v1, https://goo.gl/fbAQLP

exports[`PrivateRoute component renders as expected 1`] = `
<p>
  private page
</p>
`;
