// Jest Snapshot v1, https://goo.gl/fbAQLP

exports[`LeftNavButton component renders as expected 1`] = `
<div>
  <li>
    <a
      href="1"
      onClick={[Function]}
    >
      view 1
    </a>
  </li>
</div>
`;
