// Jest Snapshot v1, https://goo.gl/fbAQLP

exports[`Jumbotron component renders as expected 1`] = `
<div>
  <div
    className="jumbotron"
  >
    <p>
      a child
    </p>
  </div>
</div>
`;
