// Jest Snapshot v1, https://goo.gl/fbAQLP

exports[`withMainLayout HOC renders as expected 1`] = `null`;
