// Jest Snapshot v1, https://goo.gl/fbAQLP

exports[`withEnterAnimation HOC renders as expected 1`] = `null`;
