// Jest Snapshot v1, https://goo.gl/fbAQLP

exports[`LogoutRoute component renders as expected 1`] = `
<span>
  anywhere
</span>
`;
