// Jest Snapshot v1, https://goo.gl/fbAQLP

exports[`BackToTop component renders as expected 1`] = `ShallowWrapper {}`;
