// Jest Snapshot v1, https://goo.gl/fbAQLP

exports[`BackToTop component renders as expected 1`] = `
<div>
  <button
    className="btn"
    onClick={[Function]}
    style={
      Object {
        "WebkitTransform": "translate3d(120px, 0, 0)",
        "backgroundColor": "#4A4A4A",
        "bottom": "40px",
        "left": "",
        "opacity": 0.5,
        "position": "fixed",
        "right": "-10px",
        "transform": "translate3d(120px, 0, 0)",
        "width": "100px",
        "zIndex": 10,
      }
    }
  >
    <div
      className="sc-bdVaJa eYqzQM"
    >
      <svg
        fill="#F1F1F1"
        height="24px"
        viewBox="0 0 512 512"
        width="24px"
      >
        <path
          d="M256,213.7L256,213.7L256,213.7l174.2,167.2c4.3,4.2,11.4,4.1,15.8-0.2l30.6-29.9c4.4-4.3,4.5-11.3,0.2-15.5L264.1,131.1 c-2.2-2.2-5.2-3.2-8.1-3c-3-0.1-5.9,0.9-8.1,3L35.2,335.3c-4.3,4.2-4.2,11.2,0.2,15.5L66,380.7c4.4,4.3,11.5,4.4,15.8,0.2L256,213.7z"
        />
      </svg>
    </div>
  </button>
</div>
`;
